// Jest Snapshot v1, https://goo.gl/fbAQLP

exports[`should correctly render character list item 1`] = `
<div>
  This is CharacterListItem
</div>
`;
