// Jest Snapshot v1, https://goo.gl/fbAQLP

exports[`should correctly render character list 1`] = `
<div>
  This is CharacterList
  <CharacterListItem />
</div>
`;
